16:58:38 start latch=0
   kworker/u21:0-92      [002] .....   377.102020: vlv_wm: dev 0000:00:02.0, pipe A, frame=0, scanline=0, level=2, cxsr=1, wm 256/128/127/63, sr 1400/0
   kworker/u21:0-92      [002] .....   377.102024: vlv_wm: dev 0000:00:02.0, pipe B, frame=20857, scanline=746, level=2, cxsr=1, wm 376/0/0/0, sr 1400/0
   kworker/u21:0-92      [002] .....   377.102027: vlv_wm: dev 0000:00:02.0, pipe C, frame=0, scanline=0, level=2, cxsr=1, wm 256/128/127/63, sr 1400/0
   kworker/u21:0-92      [002] d....   377.102064: intel_plane_update_arm: dev 0000:00:02.0, pipe B, cursor B, frame=20857, scanline=749, format=AR24 little-endian (0x34325241), 64.000000x64.000000+0.000000+0.000000 -> 64x64+557+97
   kworker/u21:0-92      [002] d....   377.160126: intel_plane_update_arm: dev 0000:00:02.0, pipe B, cursor B, frame=20861, scanline=89, format=AR24 little-endian (0x34325241), 64.000000x64.000000+0.000000+0.000000 -> 64x64+557+97
   kworker/u21:0-92      [002] d....   377.180807: intel_plane_update_arm: dev 0000:00:02.0, pipe B, cursor B, frame=20862, scanline=410, format=AR24 little-endian (0x34325241), 64.000000x64.000000+0.000000+0.000000 -> 64x64+557+97
   kworker/u21:0-92      [002] d....   377.215422: intel_plane_update_arm: dev 0000:00:02.0, pipe B, cursor B, frame=20864, scanline=520, format=AR24 little-endian (0x34325241), 64.000000x64.000000+0.000000+0.000000 -> 64x64+557+97
   kworker/u21:0-92      [002] d....   377.524850: intel_plane_update_arm: dev 0000:00:02.0, pipe B, cursor B, frame=20883, scanline=35, format=AR24 little-endian (0x34325241), 64.000000x64.000000+0.000000+0.000000 -> 64x64+557+97
   kworker/u21:0-92      [002] d....   378.517250: intel_plane_update_arm: dev 0000:00:02.0, pipe B, cursor B, frame=20942, scanline=1014, format=AR24 little-endian (0x34325241), 64.000000x64.000000+0.000000+0.000000 -> 64x64+557+97
   kworker/u21:0-92      [002] d....   379.221725: intel_plane_update_arm: dev 0000:00:02.0, pipe B, cursor B, frame=20985, scanline=247, format=AR24 little-endian (0x34325241), 64.000000x64.000000+0.000000+0.000000 -> 64x64+557+97
   kworker/u21:0-92      [002] d....   379.259550: intel_plane_update_arm: dev 0000:00:02.0, pipe B, cursor B, frame=20987, scanline=610, format=AR24 little-endian (0x34325241), 64.000000x64.000000+0.000000+0.000000 -> 64x64+557+97
   kworker/u21:0-92      [000] d....   379.277916: intel_plane_disable_arm: dev 0000:00:02.0, pipe B, cursor B, frame=20988, scanline=749
   kworker/u21:0-92      [000] .....   379.285062: vlv_wm: dev 0000:00:02.0, pipe A, frame=0, scanline=0, level=2, cxsr=1, wm 256/128/127/63, sr 1400/63
   kworker/u21:0-92      [000] .....   379.285069: vlv_wm: dev 0000:00:02.0, pipe B, frame=20989, scanline=4, level=2, cxsr=1, wm 376/0/0/63, sr 1400/63
   kworker/u21:0-92      [000] .....   379.285073: vlv_wm: dev 0000:00:02.0, pipe C, frame=0, scanline=0, level=2, cxsr=1, wm 256/128/127/63, sr 1400/63
   kworker/u21:0-92      [002] .....   379.291955: vlv_wm: dev 0000:00:02.0, pipe A, frame=0, scanline=0, level=2, cxsr=1, wm 256/128/127/63, sr 1400/0
   kworker/u21:0-92      [002] .....   379.291959: vlv_wm: dev 0000:00:02.0, pipe B, frame=20989, scanline=547, level=2, cxsr=1, wm 376/0/0/0, sr 1400/0
   kworker/u21:0-92      [002] .....   379.291962: vlv_wm: dev 0000:00:02.0, pipe C, frame=0, scanline=0, level=2, cxsr=1, wm 256/128/127/63, sr 1400/0
   kworker/u21:0-92      [002] d....   379.291997: intel_plane_update_arm: dev 0000:00:02.0, pipe B, cursor B, frame=20989, scanline=549, format=AR24 little-endian (0x34325241), 64.000000x64.000000+0.000000+0.000000 -> 64x64+556+100
   kworker/u21:0-92      [002] d....   379.309081: intel_plane_update_arm: dev 0000:00:02.0, pipe B, cursor B, frame=20990, scanline=587, format=AR24 little-endian (0x34325241), 64.000000x64.000000+0.000000+0.000000 -> 64x64+556+100
   kworker/u21:0-92      [002] d....   379.325833: intel_plane_update_arm: dev 0000:00:02.0, pipe B, cursor B, frame=20991, scanline=598, format=AR24 little-endian (0x34325241), 64.000000x64.000000+0.000000+0.000000 -> 64x64+556+100
   kworker/u21:0-92      [002] d....   379.340856: intel_plane_update_arm: dev 0000:00:02.0, pipe B, cursor B, frame=20992, scanline=473, format=AR24 little-endian (0x34325241), 64.000000x64.000000+0.000000+0.000000 -> 64x64+556+100
   kworker/u21:0-92      [002] d....   379.358348: intel_plane_update_arm: dev 0000:00:02.0, pipe B, cursor B, frame=20993, scanline=542, format=AR24 little-endian (0x34325241), 64.000000x64.000000+0.000000+0.000000 -> 64x64+556+100
   kworker/u21:0-92      [002] d....   379.374424: intel_plane_update_arm: dev 0000:00:02.0, pipe B, cursor B, frame=20994, scanline=500, format=AR24 little-endian (0x34325241), 64.000000x64.000000+0.000000+0.000000 -> 64x64+556+100
   kworker/u21:0-92      [002] d....   379.391254: intel_plane_update_arm: dev 0000:00:02.0, pipe B, cursor B, frame=20995, scanline=518, format=AR24 little-endian (0x34325241), 64.000000x64.000000+0.000000+0.000000 -> 64x64+556+100
   kworker/u21:0-92      [002] d....   379.407462: intel_plane_update_arm: dev 0000:00:02.0, pipe B, cursor B, frame=20996, scanline=486, format=AR24 little-endian (0x34325241), 64.000000x64.000000+0.000000+0.000000 -> 64x64+556+100
   kworker/u21:0-92      [002] d....   379.424556: intel_plane_update_arm: dev 0000:00:02.0, pipe B, cursor B, frame=20997, scanline=524, format=AR24 little-endian (0x34325241), 64.000000x64.000000+0.000000+0.000000 -> 64x64+556+100
   kworker/u21:0-92      [002] d....   379.440414: intel_plane_update_arm: dev 0000:00:02.0, pipe B, cursor B, frame=20998, scanline=465, format=AR24 little-endian (0x34325241), 64.000000x64.000000+0.000000+0.000000 -> 64x64+556+100
   kworker/u21:0-92      [002] d....   379.457856: intel_plane_update_arm: dev 0000:00:02.0, pipe B, cursor B, frame=20999, scanline=531, format=AR24 little-endian (0x34325241), 64.000000x64.000000+0.000000+0.000000 -> 64x64+556+100
   kworker/u21:0-92      [002] d....   379.474245: intel_plane_update_arm: dev 0000:00:02.0, pipe B, cursor B, frame=21000, scanline=513, format=AR24 little-endian (0x34325241), 64.000000x64.000000+0.000000+0.000000 -> 64x64+556+100
   kworker/u21:0-92      [002] d....   379.490072: intel_plane_update_arm: dev 0000:00:02.0, pipe B, cursor B, frame=21001, scanline=452, format=AR24 little-endian (0x34325241), 64.000000x64.000000+0.000000+0.000000 -> 64x64+556+100
   kworker/u21:0-92      [002] d....   379.507642: intel_plane_update_arm: dev 0000:00:02.0, pipe B, cursor B, frame=21002, scanline=527, format=AR24 little-endian (0x34325241), 64.000000x64.000000+0.000000+0.000000 -> 64x64+556+100
   kworker/u21:0-92      [002] d....   379.524146: intel_plane_update_arm: dev 0000:00:02.0, pipe B, cursor B, frame=21003, scanline=519, format=AR24 little-endian (0x34325241), 64.000000x64.000000+0.000000+0.000000 -> 64x64+556+100
   kworker/u21:0-92      [002] d....   379.540201: intel_plane_update_arm: dev 0000:00:02.0, pipe B, cursor B, frame=21004, scanline=475, format=AR24 little-endian (0x34325241), 64.000000x64.000000+0.000000+0.000000 -> 64x64+556+100
   kworker/u21:0-92      [002] d....   379.557165: intel_plane_update_arm: dev 0000:00:02.0, pipe B, cursor B, frame=21005, scanline=503, format=AR24 little-endian (0x34325241), 64.000000x64.000000+0.000000+0.000000 -> 64x64+556+100
   kworker/u21:0-92      [002] d....   379.573382: intel_plane_update_arm: dev 0000:00:02.0, pipe B, cursor B, frame=21006, scanline=472, format=AR24 little-endian (0x34325241), 64.000000x64.000000+0.000000+0.000000 -> 64x64+556+100
   kworker/u21:0-92      [002] d....   379.590312: intel_plane_update_arm: dev 0000:00:02.0, pipe B, cursor B, frame=21007, scanline=498, format=AR24 little-endian (0x34325241), 64.000000x64.000000+0.000000+0.000000 -> 64x64+556+100
   kworker/u21:0-92      [002] d....   379.606556: intel_plane_update_arm: dev 0000:00:02.0, pipe B, cursor B, frame=21008, scanline=469, format=AR24 little-endian (0x34325241), 64.000000x64.000000+0.000000+0.000000 -> 64x64+556+100
   kworker/u21:0-92      [002] d....   379.623283: intel_plane_update_arm: dev 0000:00:02.0, pipe B, cursor B, frame=21009, scanline=478, format=AR24 little-endian (0x34325241), 64.000000x64.000000+0.000000+0.000000 -> 64x64+556+100
   kworker/u21:0-92      [002] d....   379.640593: intel_plane_update_arm: dev 0000:00:02.0, pipe B, cursor B, frame=21010, scanline=533, format=AR24 little-endian (0x34325241), 64.000000x64.000000+0.000000+0.000000 -> 64x64+556+100
   kworker/u21:0-92      [002] d....   379.656766: intel_plane_update_arm: dev 0000:00:02.0, pipe B, cursor B, frame=21011, scanline=499, format=AR24 little-endian (0x34325241), 64.000000x64.000000+0.000000+0.000000 -> 64x64+556+100
   kworker/u21:0-92      [003] d....   379.673437: intel_plane_update_arm: dev 0000:00:02.0, pipe B, cursor B, frame=21012, scanline=504, format=AR24 little-endian (0x34325241), 64.000000x64.000000+0.000000+0.000000 -> 64x64+556+100
   kworker/u21:0-92      [003] d....   379.690153: intel_plane_update_arm: dev 0000:00:02.0, pipe B, cursor B, frame=21013, scanline=512, format=AR24 little-endian (0x34325241), 64.000000x64.000000+0.000000+0.000000 -> 64x64+556+100
   kworker/u21:0-92      [002] d....   379.706811: intel_plane_update_arm: dev 0000:00:02.0, pipe B, cursor B, frame=21014, scanline=516, format=AR24 little-endian (0x34325241), 64.000000x64.000000+0.000000+0.000000 -> 64x64+556+100
   kworker/u21:0-92      [002] d....   379.724123: intel_plane_update_arm: dev 0000:00:02.0, pipe B, cursor B, frame=21015, scanline=571, format=AR24 little-endian (0x34325241), 64.000000x64.000000+0.000000+0.000000 -> 64x64+556+100
   kworker/u21:0-92      [002] d....   379.739150: intel_plane_update_arm: dev 0000:00:02.0, pipe B, cursor B, frame=21016, scanline=446, format=AR24 little-endian (0x34325241), 64.000000x64.000000+0.000000+0.000000 -> 64x64+556+100
   kworker/u21:0-92      [002] d....   379.756506: intel_plane_update_arm: dev 0000:00:02.0, pipe B, cursor B, frame=21017, scanline=505, format=AR24 little-endian (0x34325241), 64.000000x64.000000+0.000000+0.000000 -> 64x64+556+100
   kworker/u21:0-92      [002] d....   379.773134: intel_plane_update_arm: dev 0000:00:02.0, pipe B, cursor B, frame=21018, scanline=507, format=AR24 little-endian (0x34325241), 64.000000x64.000000+0.000000+0.000000 -> 64x64+556+100
   kworker/u21:0-92      [002] d....   379.790199: intel_plane_update_arm: dev 0000:00:02.0, pipe B, cursor B, frame=21019, scanline=543, format=AR24 little-endian (0x34325241), 64.000000x64.000000+0.000000+0.000000 -> 64x64+556+100
   kworker/u21:0-92      [002] d....   379.806347: intel_plane_update_arm: dev 0000:00:02.0, pipe B, cursor B, frame=21020, scanline=506, format=AR24 little-endian (0x34325241), 64.000000x64.000000+0.000000+0.000000 -> 64x64+556+100
   kworker/u21:0-92      [002] d....   379.822914: intel_plane_update_arm: dev 0000:00:02.0, pipe B, cursor B, frame=21021, scanline=503, format=AR24 little-endian (0x34325241), 64.000000x64.000000+0.000000+0.000000 -> 64x64+556+100
   kworker/u21:0-92      [002] d....   379.839351: intel_plane_update_arm: dev 0000:00:02.0, pipe B, cursor B, frame=21022, scanline=489, format=AR24 little-endian (0x34325241), 64.000000x64.000000+0.000000+0.000000 -> 64x64+556+100
   kworker/u21:0-92      [002] d....   379.855793: intel_plane_update_arm: dev 0000:00:02.0, pipe B, cursor B, frame=21023, scanline=476, format=AR24 little-endian (0x34325241), 64.000000x64.000000+0.000000+0.000000 -> 64x64+556+100
   kworker/u21:0-92      [002] d....   379.872699: intel_plane_update_arm: dev 0000:00:02.0, pipe B, cursor B, frame=21024, scanline=499, format=AR24 little-endian (0x34325241), 64.000000x64.000000+0.000000+0.000000 -> 64x64+556+100
   kworker/u21:0-92      [002] d....   379.889553: intel_plane_update_arm: dev 0000:00:02.0, pipe B, cursor B, frame=21025, scanline=519, format=AR24 little-endian (0x34325241), 64.000000x64.000000+0.000000+0.000000 -> 64x64+556+100
   kworker/u21:0-92      [002] d....   379.906261: intel_plane_update_arm: dev 0000:00:02.0, pipe B, cursor B, frame=21026, scanline=526, format=AR24 little-endian (0x34325241), 64.000000x64.000000+0.000000+0.000000 -> 64x64+556+100
   kworker/u21:0-92      [002] d....   379.922566: intel_plane_update_arm: dev 0000:00:02.0, pipe B, cursor B, frame=21027, scanline=502, format=AR24 little-endian (0x34325241), 64.000000x64.000000+0.000000+0.000000 -> 64x64+556+100
   kworker/u21:0-92      [002] d....   379.939519: intel_plane_update_arm: dev 0000:00:02.0, pipe B, cursor B, frame=21028, scanline=529, format=AR24 little-endian (0x34325241), 64.000000x64.000000+0.000000+0.000000 -> 64x64+556+100
   kworker/u21:0-92      [002] d....   379.955840: intel_plane_update_arm: dev 0000:00:02.0, pipe B, cursor B, frame=21029, scanline=507, format=AR24 little-endian (0x34325241), 64.000000x64.000000+0.000000+0.000000 -> 64x64+556+100
   kworker/u21:0-92      [002] d....   379.972214: intel_plane_update_arm: dev 0000:00:02.0, pipe B, cursor B, frame=21030, scanline=488, format=AR24 little-endian (0x34325241), 64.000000x64.000000+0.000000+0.000000 -> 64x64+556+100
   kworker/u21:0-92      [002] d....   379.988948: intel_plane_update_arm: dev 0000:00:02.0, pipe B, cursor B, frame=21031, scanline=498, format=AR24 little-endian (0x34325241), 64.000000x64.000000+0.000000+0.000000 -> 64x64+556+100
   kworker/u21:0-92      [002] d....   380.005560: intel_plane_update_arm: dev 0000:00:02.0, pipe B, cursor B, frame=21032, scanline=498, format=AR24 little-endian (0x34325241), 64.000000x64.000000+0.000000+0.000000 -> 64x64+556+100
   kworker/u21:0-92      [003] d....   380.021688: intel_plane_update_arm: dev 0000:00:02.0, pipe B, cursor B, frame=21033, scanline=460, format=AR24 little-endian (0x34325241), 64.000000x64.000000+0.000000+0.000000 -> 64x64+556+100
   kworker/u21:0-92      [002] d....   380.038907: intel_plane_update_arm: dev 0000:00:02.0, pipe B, cursor B, frame=21034, scanline=508, format=AR24 little-endian (0x34325241), 64.000000x64.000000+0.000000+0.000000 -> 64x64+556+100
   kworker/u21:0-92      [002] d....   380.055695: intel_plane_update_arm: dev 0000:00:02.0, pipe B, cursor B, frame=21035, scanline=522, format=AR24 little-endian (0x34325241), 64.000000x64.000000+0.000000+0.000000 -> 64x64+556+100
   kworker/u21:0-92      [002] d....   380.072634: intel_plane_update_arm: dev 0000:00:02.0, pipe B, cursor B, frame=21036, scanline=548, format=AR24 little-endian (0x34325241), 64.000000x64.000000+0.000000+0.000000 -> 64x64+556+100
   kworker/u21:0-92      [002] d....   380.088680: intel_plane_update_arm: dev 0000:00:02.0, pipe B, cursor B, frame=21037, scanline=504, format=AR24 little-endian (0x34325241), 64.000000x64.000000+0.000000+0.000000 -> 64x64+556+100
   kworker/u21:0-92      [002] d....   380.105724: intel_plane_disable_arm: dev 0000:00:02.0, pipe B, cursor B, frame=21038, scanline=538
   kworker/u21:0-92      [002] .....   380.115736: vlv_wm: dev 0000:00:02.0, pipe A, frame=0, scanline=0, level=2, cxsr=1, wm 256/128/127/63, sr 1400/63
   kworker/u21:0-92      [002] .....   380.115739: vlv_wm: dev 0000:00:02.0, pipe B, frame=21039, scanline=19, level=2, cxsr=1, wm 376/0/0/63, sr 1400/63
   kworker/u21:0-92      [002] .....   380.115743: vlv_wm: dev 0000:00:02.0, pipe C, frame=0, scanline=0, level=2, cxsr=1, wm 256/128/127/63, sr 1400/63
16:59:38 counts/60s intel_plane_disable_arm=2 intel_plane_update_arm=57 vlv_wm=12
17:00:38 counts/60s none
17:01:38 counts/60s none
17:02:02 UNDERRUN latch 0->1  trace=underrun-170201.trace  top: 56.0 devilutionx | 50.0 ps | 2.6 sway
   kworker/u20:0-91      [001] .....   578.838231: vlv_wm: dev 0000:00:02.0, pipe A, frame=0, scanline=0, level=2, cxsr=1, wm 256/128/127/63, sr 1400/0
   kworker/u20:0-91      [001] .....   578.838238: vlv_wm: dev 0000:00:02.0, pipe B, frame=33002, scanline=513, level=2, cxsr=1, wm 376/0/0/0, sr 1400/0
   kworker/u20:0-91      [001] .....   578.838241: vlv_wm: dev 0000:00:02.0, pipe C, frame=0, scanline=0, level=2, cxsr=1, wm 256/128/127/63, sr 1400/0
   kworker/u20:0-91      [001] d....   578.838280: intel_plane_update_arm: dev 0000:00:02.0, pipe B, cursor B, frame=33002, scanline=517, format=AR24 little-endian (0x34325241), 64.000000x64.000000+0.000000+0.000000 -> 64x64+556+100
   kworker/u20:0-91      [000] d....   578.855568: intel_plane_update_arm: dev 0000:00:02.0, pipe B, cursor B, frame=33003, scanline=570, format=AR24 little-endian (0x34325241), 64.000000x64.000000+0.000000+0.000000 -> 64x64+556+100
   kworker/u20:0-91      [000] d....   578.871702: intel_plane_update_arm: dev 0000:00:02.0, pipe B, cursor B, frame=33004, scanline=533, format=AR24 little-endian (0x34325241), 64.000000x64.000000+0.000000+0.000000 -> 64x64+556+100
   kworker/u20:0-91      [000] d....   578.887400: intel_plane_update_arm: dev 0000:00:02.0, pipe B, cursor B, frame=33005, scanline=461, format=AR24 little-endian (0x34325241), 64.000000x64.000000+0.000000+0.000000 -> 64x64+556+100
   kworker/u20:0-91      [000] d....   578.904984: intel_plane_update_arm: dev 0000:00:02.0, pipe B, cursor B, frame=33006, scanline=538, format=AR24 little-endian (0x34325241), 64.000000x64.000000+0.000000+0.000000 -> 64x64+556+100
   kworker/u20:0-91      [000] d....   578.921566: intel_plane_update_arm: dev 0000:00:02.0, pipe B, cursor B, frame=33007, scanline=535, format=AR24 little-endian (0x34325241), 64.000000x64.000000+0.000000+0.000000 -> 64x64+556+100
   kworker/u20:0-91      [000] d....   578.937161: intel_plane_update_arm: dev 0000:00:02.0, pipe B, cursor B, frame=33008, scanline=456, format=AR24 little-endian (0x34325241), 64.000000x64.000000+0.000000+0.000000 -> 64x64+556+100
   kworker/u20:0-91      [000] d....   578.955027: intel_plane_update_arm: dev 0000:00:02.0, pipe B, cursor B, frame=33009, scanline=555, format=AR24 little-endian (0x34325241), 64.000000x64.000000+0.000000+0.000000 -> 64x64+556+100
   kworker/u20:0-91      [000] d....   578.970993: intel_plane_update_arm: dev 0000:00:02.0, pipe B, cursor B, frame=33010, scanline=504, format=AR24 little-endian (0x34325241), 64.000000x64.000000+0.000000+0.000000 -> 64x64+556+100
   kworker/u20:0-91      [001] d....   578.987638: intel_plane_update_arm: dev 0000:00:02.0, pipe B, cursor B, frame=33011, scanline=507, format=AR24 little-endian (0x34325241), 64.000000x64.000000+0.000000+0.000000 -> 64x64+556+100
   kworker/u20:0-91      [000] d....   579.004217: intel_plane_update_arm: dev 0000:00:02.0, pipe B, cursor B, frame=33012, scanline=504, format=AR24 little-endian (0x34325241), 64.000000x64.000000+0.000000+0.000000 -> 64x64+556+100
   kworker/u20:0-91      [000] d....   579.020386: intel_plane_update_arm: dev 0000:00:02.0, pipe B, cursor B, frame=33013, scanline=470, format=AR24 little-endian (0x34325241), 64.000000x64.000000+0.000000+0.000000 -> 64x64+556+100
   kworker/u20:0-91      [000] d....   579.037332: intel_plane_update_arm: dev 0000:00:02.0, pipe B, cursor B, frame=33014, scanline=496, format=AR24 little-endian (0x34325241), 64.000000x64.000000+0.000000+0.000000 -> 64x64+556+100
   kworker/u20:0-91      [000] d....   579.054345: intel_plane_update_arm: dev 0000:00:02.0, pipe B, cursor B, frame=33015, scanline=528, format=AR24 little-endian (0x34325241), 64.000000x64.000000+0.000000+0.000000 -> 64x64+556+100
   kworker/u20:0-91      [000] d....   579.070936: intel_plane_update_arm: dev 0000:00:02.0, pipe B, cursor B, frame=33016, scanline=527, format=AR24 little-endian (0x34325241), 64.000000x64.000000+0.000000+0.000000 -> 64x64+556+100
   kworker/u20:0-91      [000] d....   579.086306: intel_plane_update_arm: dev 0000:00:02.0, pipe B, cursor B, frame=33017, scanline=429, format=AR24 little-endian (0x34325241), 64.000000x64.000000+0.000000+0.000000 -> 64x64+556+100
   kworker/u20:0-91      [000] d....   579.103628: intel_plane_update_arm: dev 0000:00:02.0, pipe B, cursor B, frame=33018, scanline=485, format=AR24 little-endian (0x34325241), 64.000000x64.000000+0.000000+0.000000 -> 64x64+556+100
   kworker/u20:0-91      [000] d....   579.120023: intel_plane_update_arm: dev 0000:00:02.0, pipe B, cursor B, frame=33019, scanline=468, format=AR24 little-endian (0x34325241), 64.000000x64.000000+0.000000+0.000000 -> 64x64+556+100
   kworker/u20:0-91      [000] d....   579.137160: intel_plane_update_arm: dev 0000:00:02.0, pipe B, cursor B, frame=33020, scanline=510, format=AR24 little-endian (0x34325241), 64.000000x64.000000+0.000000+0.000000 -> 64x64+556+100
   kworker/u20:0-91      [000] d....   579.153223: intel_plane_update_arm: dev 0000:00:02.0, pipe B, cursor B, frame=33021, scanline=467, format=AR24 little-endian (0x34325241), 64.000000x64.000000+0.000000+0.000000 -> 64x64+556+100
   kworker/u20:0-91      [000] d....   579.170191: intel_plane_update_arm: dev 0000:00:02.0, pipe B, cursor B, frame=33022, scanline=495, format=AR24 little-endian (0x34325241), 64.000000x64.000000+0.000000+0.000000 -> 64x64+556+100
   kworker/u20:0-91      [000] d....   579.186947: intel_plane_update_arm: dev 0000:00:02.0, pipe B, cursor B, frame=33023, scanline=507, format=AR24 little-endian (0x34325241), 64.000000x64.000000+0.000000+0.000000 -> 64x64+556+100
   kworker/u20:0-91      [000] d....   579.203187: intel_plane_update_arm: dev 0000:00:02.0, pipe B, cursor B, frame=33024, scanline=478, format=AR24 little-endian (0x34325241), 64.000000x64.000000+0.000000+0.000000 -> 64x64+556+100
   kworker/u20:0-91      [000] d....   579.220205: intel_plane_update_arm: dev 0000:00:02.0, pipe B, cursor B, frame=33025, scanline=510, format=AR24 little-endian (0x34325241), 64.000000x64.000000+0.000000+0.000000 -> 64x64+556+100
   kworker/u20:0-91      [000] d....   579.236657: intel_plane_update_arm: dev 0000:00:02.0, pipe B, cursor B, frame=33026, scanline=497, format=AR24 little-endian (0x34325241), 64.000000x64.000000+0.000000+0.000000 -> 64x64+556+100
   kworker/u20:0-91      [000] d....   579.252530: intel_plane_update_arm: dev 0000:00:02.0, pipe B, cursor B, frame=33027, scanline=439, format=AR24 little-endian (0x34325241), 64.000000x64.000000+0.000000+0.000000 -> 64x64+556+100
   kworker/u20:0-91      [000] d....   579.269147: intel_plane_update_arm: dev 0000:00:02.0, pipe B, cursor B, frame=33028, scanline=440, format=AR24 little-endian (0x34325241), 64.000000x64.000000+0.000000+0.000000 -> 64x64+556+100
   kworker/u20:0-91      [000] d....   579.287358: intel_plane_update_arm: dev 0000:00:02.0, pipe B, cursor B, frame=33029, scanline=566, format=AR24 little-endian (0x34325241), 64.000000x64.000000+0.000000+0.000000 -> 64x64+556+100
   kworker/u20:0-91      [000] d....   579.303233: intel_plane_update_arm: dev 0000:00:02.0, pipe B, cursor B, frame=33030, scanline=508, format=AR24 little-endian (0x34325241), 64.000000x64.000000+0.000000+0.000000 -> 64x64+556+100
   kworker/u20:0-91      [000] d....   579.319768: intel_plane_update_arm: dev 0000:00:02.0, pipe B, cursor B, frame=33031, scanline=503, format=AR24 little-endian (0x34325241), 64.000000x64.000000+0.000000+0.000000 -> 64x64+556+100
   kworker/u20:0-91      [000] d....   579.336424: intel_plane_update_arm: dev 0000:00:02.0, pipe B, cursor B, frame=33032, scanline=506, format=AR24 little-endian (0x34325241), 64.000000x64.000000+0.000000+0.000000 -> 64x64+556+100
   kworker/u20:0-91      [000] d....   579.353186: intel_plane_update_arm: dev 0000:00:02.0, pipe B, cursor B, frame=33033, scanline=518, format=AR24 little-endian (0x34325241), 64.000000x64.000000+0.000000+0.000000 -> 64x64+556+100
   kworker/u20:0-91      [000] d....   579.369608: intel_plane_update_arm: dev 0000:00:02.0, pipe B, cursor B, frame=33034, scanline=504, format=AR24 little-endian (0x34325241), 64.000000x64.000000+0.000000+0.000000 -> 64x64+556+100
   kworker/u20:0-91      [000] d....   579.386337: intel_plane_update_arm: dev 0000:00:02.0, pipe B, cursor B, frame=33035, scanline=513, format=AR24 little-endian (0x34325241), 64.000000x64.000000+0.000000+0.000000 -> 64x64+556+100
   kworker/u20:0-91      [000] d....   579.403493: intel_plane_update_arm: dev 0000:00:02.0, pipe B, cursor B, frame=33036, scanline=556, format=AR24 little-endian (0x34325241), 64.000000x64.000000+0.000000+0.000000 -> 64x64+556+100
   kworker/u20:0-91      [000] d....   579.419802: intel_plane_update_arm: dev 0000:00:02.0, pipe B, cursor B, frame=33037, scanline=533, format=AR24 little-endian (0x34325241), 64.000000x64.000000+0.000000+0.000000 -> 64x64+556+100
   kworker/u20:0-91      [000] d....   579.435560: intel_plane_update_arm: dev 0000:00:02.0, pipe B, cursor B, frame=33038, scanline=465, format=AR24 little-endian (0x34325241), 64.000000x64.000000+0.000000+0.000000 -> 64x64+556+100
   kworker/u20:0-91      [000] d....   579.453128: intel_plane_update_arm: dev 0000:00:02.0, pipe B, cursor B, frame=33039, scanline=541, format=AR24 little-endian (0x34325241), 64.000000x64.000000+0.000000+0.000000 -> 64x64+556+100
   kworker/u20:0-91      [000] d....   579.468459: intel_plane_update_arm: dev 0000:00:02.0, pipe B, cursor B, frame=33040, scanline=440, format=AR24 little-endian (0x34325241), 64.000000x64.000000+0.000000+0.000000 -> 64x64+556+100
   kworker/u20:0-91      [000] d....   579.485819: intel_plane_update_arm: dev 0000:00:02.0, pipe B, cursor B, frame=33041, scanline=499, format=AR24 little-endian (0x34325241), 64.000000x64.000000+0.000000+0.000000 -> 64x64+556+100
   kworker/u20:0-91      [000] d....   579.503072: intel_plane_update_arm: dev 0000:00:02.0, pipe B, cursor B, frame=33042, scanline=550, format=AR24 little-endian (0x34325241), 64.000000x64.000000+0.000000+0.000000 -> 64x64+556+100
   kworker/u20:0-91      [000] d....   579.519418: intel_plane_update_arm: dev 0000:00:02.0, pipe B, cursor B, frame=33043, scanline=529, format=AR24 little-endian (0x34325241), 64.000000x64.000000+0.000000+0.000000 -> 64x64+556+100
   kworker/u20:0-91      [000] d....   579.535093: intel_plane_update_arm: dev 0000:00:02.0, pipe B, cursor B, frame=33044, scanline=456, format=AR24 little-endian (0x34325241), 64.000000x64.000000+0.000000+0.000000 -> 64x64+556+100
   kworker/u20:0-91      [000] d....   579.552342: intel_plane_update_arm: dev 0000:00:02.0, pipe B, cursor B, frame=33045, scanline=506, format=AR24 little-endian (0x34325241), 64.000000x64.000000+0.000000+0.000000 -> 64x64+556+100
   kworker/u20:0-91      [000] d....   579.569164: intel_plane_update_arm: dev 0000:00:02.0, pipe B, cursor B, frame=33046, scanline=523, format=AR24 little-endian (0x34325241), 64.000000x64.000000+0.000000+0.000000 -> 64x64+556+100
   kworker/u20:0-91      [000] d....   579.586166: intel_plane_update_arm: dev 0000:00:02.0, pipe B, cursor B, frame=33047, scanline=554, format=AR24 little-endian (0x34325241), 64.000000x64.000000+0.000000+0.000000 -> 64x64+556+100
   kworker/u20:0-91      [000] d....   579.602470: intel_plane_update_arm: dev 0000:00:02.0, pipe B, cursor B, frame=33048, scanline=530, format=AR24 little-endian (0x34325241), 64.000000x64.000000+0.000000+0.000000 -> 64x64+556+100
   kworker/u20:0-91      [000] d....   579.619204: intel_plane_update_arm: dev 0000:00:02.0, pipe B, cursor B, frame=33049, scanline=540, format=AR24 little-endian (0x34325241), 64.000000x64.000000+0.000000+0.000000 -> 64x64+556+100
   kworker/u20:0-91      [000] d....   579.635371: intel_plane_update_arm: dev 0000:00:02.0, pipe B, cursor B, frame=33050, scanline=505, format=AR24 little-endian (0x34325241), 64.000000x64.000000+0.000000+0.000000 -> 64x64+556+100
   kworker/u20:0-91      [001] d....   579.651599: intel_plane_update_arm: dev 0000:00:02.0, pipe B, cursor B, frame=33051, scanline=475, format=AR24 little-endian (0x34325241), 64.000000x64.000000+0.000000+0.000000 -> 64x64+556+100
   kworker/u20:0-91      [000] d....   579.668114: intel_plane_update_arm: dev 0000:00:02.0, pipe B, cursor B, frame=33052, scanline=467, format=AR24 little-endian (0x34325241), 64.000000x64.000000+0.000000+0.000000 -> 64x64+556+100
   kworker/u20:0-91      [000] d....   579.685199: intel_plane_update_arm: dev 0000:00:02.0, pipe B, cursor B, frame=33053, scanline=505, format=AR24 little-endian (0x34325241), 64.000000x64.000000+0.000000+0.000000 -> 64x64+556+100
   kworker/u20:0-91      [000] d....   579.701646: intel_plane_update_arm: dev 0000:00:02.0, pipe B, cursor B, frame=33054, scanline=492, format=AR24 little-endian (0x34325241), 64.000000x64.000000+0.000000+0.000000 -> 64x64+556+100
   kworker/u20:0-91      [000] d....   579.718579: intel_plane_update_arm: dev 0000:00:02.0, pipe B, cursor B, frame=33055, scanline=518, format=AR24 little-endian (0x34325241), 64.000000x64.000000+0.000000+0.000000 -> 64x64+556+100
   kworker/u20:0-91      [000] d....   579.735152: intel_plane_update_arm: dev 0000:00:02.0, pipe B, cursor B, frame=33056, scanline=515, format=AR24 little-endian (0x34325241), 64.000000x64.000000+0.000000+0.000000 -> 64x64+556+100
   kworker/u20:0-91      [000] d....   579.752554: intel_plane_update_arm: dev 0000:00:02.0, pipe B, cursor B, frame=33057, scanline=577, format=AR24 little-endian (0x34325241), 64.000000x64.000000+0.000000+0.000000 -> 64x64+556+100
   kworker/u20:0-91      [000] d....   579.768735: intel_plane_update_arm: dev 0000:00:02.0, pipe B, cursor B, frame=33058, scanline=544, format=AR24 little-endian (0x34325241), 64.000000x64.000000+0.000000+0.000000 -> 64x64+556+100
   kworker/u20:0-91      [000] d....   579.784878: intel_plane_update_arm: dev 0000:00:02.0, pipe B, cursor B, frame=33059, scanline=507, format=AR24 little-endian (0x34325241), 64.000000x64.000000+0.000000+0.000000 -> 64x64+556+100
   kworker/u20:0-91      [000] d....   579.801626: intel_plane_update_arm: dev 0000:00:02.0, pipe B, cursor B, frame=33060, scanline=518, format=AR24 little-endian (0x34325241), 64.000000x64.000000+0.000000+0.000000 -> 64x64+556+100
   kworker/u20:0-91      [000] d....   579.818176: intel_plane_update_arm: dev 0000:00:02.0, pipe B, cursor B, frame=33061, scanline=513, format=AR24 little-endian (0x34325241), 64.000000x64.000000+0.000000+0.000000 -> 64x64+556+100
   kworker/u20:0-91      [000] d....   579.834533: intel_plane_update_arm: dev 0000:00:02.0, pipe B, cursor B, frame=33062, scanline=493, format=AR24 little-endian (0x34325241), 64.000000x64.000000+0.000000+0.000000 -> 64x64+556+100
   kworker/u20:0-91      [001] d....   579.851638: intel_plane_update_arm: dev 0000:00:02.0, pipe B, cursor B, frame=33063, scanline=532, format=AR24 little-endian (0x34325241), 64.000000x64.000000+0.000000+0.000000 -> 64x64+556+100
   kworker/u20:0-91      [000] d....   579.867686: intel_plane_update_arm: dev 0000:00:02.0, pipe B, cursor B, frame=33064, scanline=488, format=AR24 little-endian (0x34325241), 64.000000x64.000000+0.000000+0.000000 -> 64x64+556+100
   kworker/u20:0-91      [000] d....   579.884675: intel_plane_update_arm: dev 0000:00:02.0, pipe B, cursor B, frame=33065, scanline=518, format=AR24 little-endian (0x34325241), 64.000000x64.000000+0.000000+0.000000 -> 64x64+556+100
   kworker/u20:0-91      [000] d....   579.900920: intel_plane_update_arm: dev 0000:00:02.0, pipe B, cursor B, frame=33066, scanline=489, format=AR24 little-endian (0x34325241), 64.000000x64.000000+0.000000+0.000000 -> 64x64+556+100
   kworker/u20:0-91      [000] d....   579.917414: intel_plane_update_arm: dev 0000:00:02.0, pipe B, cursor B, frame=33067, scanline=480, format=AR24 little-endian (0x34325241), 64.000000x64.000000+0.000000+0.000000 -> 64x64+556+100
   kworker/u20:0-91      [000] d....   579.934982: intel_plane_update_arm: dev 0000:00:02.0, pipe B, cursor B, frame=33068, scanline=556, format=AR24 little-endian (0x34325241), 64.000000x64.000000+0.000000+0.000000 -> 64x64+556+100
   kworker/u20:0-91      [000] d....   579.951145: intel_plane_update_arm: dev 0000:00:02.0, pipe B, cursor B, frame=33069, scanline=521, format=AR24 little-endian (0x34325241), 64.000000x64.000000+0.000000+0.000000 -> 64x64+556+100
   kworker/u20:0-91      [001] d....   579.967698: intel_plane_update_arm: dev 0000:00:02.0, pipe B, cursor B, frame=33070, scanline=516, format=AR24 little-endian (0x34325241), 64.000000x64.000000+0.000000+0.000000 -> 64x64+556+100
   kworker/u20:0-91      [000] d....   579.984234: intel_plane_update_arm: dev 0000:00:02.0, pipe B, cursor B, frame=33071, scanline=511, format=AR24 little-endian (0x34325241), 64.000000x64.000000+0.000000+0.000000 -> 64x64+556+100
   kworker/u20:0-91      [000] d....   580.001267: intel_plane_update_arm: dev 0000:00:02.0, pipe B, cursor B, frame=33072, scanline=544, format=AR24 little-endian (0x34325241), 64.000000x64.000000+0.000000+0.000000 -> 64x64+556+100
   kworker/u20:0-91      [000] d....   580.017199: intel_plane_update_arm: dev 0000:00:02.0, pipe B, cursor B, frame=33073, scanline=491, format=AR24 little-endian (0x34325241), 64.000000x64.000000+0.000000+0.000000 -> 64x64+556+100
   kworker/u20:0-91      [000] d....   580.048018: intel_plane_update_arm: dev 0000:00:02.0, pipe B, cursor B, frame=33075, scanline=302, format=AR24 little-endian (0x34325241), 64.000000x64.000000+0.000000+0.000000 -> 64x64+556+100
   kworker/u20:0-91      [001] d....   580.066628: intel_plane_update_arm: dev 0000:00:02.0, pipe B, cursor B, frame=33076, scanline=459, format=AR24 little-endian (0x34325241), 64.000000x64.000000+0.000000+0.000000 -> 64x64+556+100
   kworker/u20:0-91      [000] d....   580.083607: intel_plane_update_arm: dev 0000:00:02.0, pipe B, cursor B, frame=33077, scanline=488, format=AR24 little-endian (0x34325241), 64.000000x64.000000+0.000000+0.000000 -> 64x64+556+100
   kworker/u20:0-91      [001] d....   580.100274: intel_plane_update_arm: dev 0000:00:02.0, pipe B, cursor B, frame=33078, scanline=493, format=AR24 little-endian (0x34325241), 64.000000x64.000000+0.000000+0.000000 -> 64x64+556+100
   kworker/u20:0-91      [001] d....   580.116751: intel_plane_update_arm: dev 0000:00:02.0, pipe B, cursor B, frame=33079, scanline=483, format=AR24 little-endian (0x34325241), 64.000000x64.000000+0.000000+0.000000 -> 64x64+556+100
   kworker/u20:0-91      [000] d....   580.133081: intel_plane_update_arm: dev 0000:00:02.0, pipe B, cursor B, frame=33080, scanline=460, format=AR24 little-endian (0x34325241), 64.000000x64.000000+0.000000+0.000000 -> 64x64+556+100
   kworker/u20:0-91      [000] d....   580.150720: intel_plane_update_arm: dev 0000:00:02.0, pipe B, cursor B, frame=33081, scanline=542, format=AR24 little-endian (0x34325241), 64.000000x64.000000+0.000000+0.000000 -> 64x64+556+100
   kworker/u20:0-91      [000] d....   580.166724: intel_plane_update_arm: dev 0000:00:02.0, pipe B, cursor B, frame=33082, scanline=494, format=AR24 little-endian (0x34325241), 64.000000x64.000000+0.000000+0.000000 -> 64x64+556+100
   kworker/u20:0-91      [000] d....   580.183160: intel_plane_update_arm: dev 0000:00:02.0, pipe B, cursor B, frame=33083, scanline=480, format=AR24 little-endian (0x34325241), 64.000000x64.000000+0.000000+0.000000 -> 64x64+556+100
   kworker/u20:0-91      [000] d....   580.200361: intel_plane_update_arm: dev 0000:00:02.0, pipe B, cursor B, frame=33084, scanline=527, format=AR24 little-endian (0x34325241), 64.000000x64.000000+0.000000+0.000000 -> 64x64+556+100
   kworker/u20:0-91      [000] d....   580.216151: intel_plane_update_arm: dev 0000:00:02.0, pipe B, cursor B, frame=33085, scanline=462, format=AR24 little-endian (0x34325241), 64.000000x64.000000+0.000000+0.000000 -> 64x64+556+100
   kworker/u20:0-91      [000] d....   580.233692: intel_plane_update_arm: dev 0000:00:02.0, pipe B, cursor B, frame=33086, scanline=536, format=AR24 little-endian (0x34325241), 64.000000x64.000000+0.000000+0.000000 -> 64x64+556+100
   kworker/u20:0-91      [001] d....   580.249758: intel_plane_update_arm: dev 0000:00:02.0, pipe B, cursor B, frame=33087, scanline=493, format=AR24 little-endian (0x34325241), 64.000000x64.000000+0.000000+0.000000 -> 64x64+556+100
   kworker/u20:0-91      [000] d....   580.266928: intel_plane_update_arm: dev 0000:00:02.0, pipe B, cursor B, frame=33088, scanline=537, format=AR24 little-endian (0x34325241), 64.000000x64.000000+0.000000+0.000000 -> 64x64+556+100
   kworker/u20:0-91      [003] d....   580.283522: intel_plane_update_arm: dev 0000:00:02.0, pipe B, cursor B, frame=33089, scanline=536, format=AR24 little-endian (0x34325241), 64.000000x64.000000+0.000000+0.000000 -> 64x64+556+100
   kworker/u20:0-91      [000] d....   580.299203: intel_plane_update_arm: dev 0000:00:02.0, pipe B, cursor B, frame=33090, scanline=463, format=AR24 little-endian (0x34325241), 64.000000x64.000000+0.000000+0.000000 -> 64x64+556+100
   kworker/u20:0-91      [000] d....   580.316284: intel_plane_update_arm: dev 0000:00:02.0, pipe B, cursor B, frame=33091, scanline=500, format=AR24 little-endian (0x34325241), 64.000000x64.000000+0.000000+0.000000 -> 64x64+556+100
   kworker/u20:0-91      [000] d....   580.332843: intel_plane_update_arm: dev 0000:00:02.0, pipe B, cursor B, frame=33092, scanline=496, format=AR24 little-endian (0x34325241), 64.000000x64.000000+0.000000+0.000000 -> 64x64+556+100
   kworker/u20:0-91      [000] d....   580.349536: intel_plane_update_arm: dev 0000:00:02.0, pipe B, cursor B, frame=33093, scanline=503, format=AR24 little-endian (0x34325241), 64.000000x64.000000+0.000000+0.000000 -> 64x64+556+100
   kworker/u20:0-91      [000] d....   580.366493: intel_plane_update_arm: dev 0000:00:02.0, pipe B, cursor B, frame=33094, scanline=530, format=AR24 little-endian (0x34325241), 64.000000x64.000000+0.000000+0.000000 -> 64x64+556+100
   kworker/u20:0-91      [000] d....   580.382593: intel_plane_update_arm: dev 0000:00:02.0, pipe B, cursor B, frame=33095, scanline=490, format=AR24 little-endian (0x34325241), 64.000000x64.000000+0.000000+0.000000 -> 64x64+556+100
   kworker/u20:0-91      [001] d....   580.399285: intel_plane_update_arm: dev 0000:00:02.0, pipe B, cursor B, frame=33096, scanline=497, format=AR24 little-endian (0x34325241), 64.000000x64.000000+0.000000+0.000000 -> 64x64+556+100
   kworker/u20:0-91      [001] d....   580.415875: intel_plane_update_arm: dev 0000:00:02.0, pipe B, cursor B, frame=33097, scanline=495, format=AR24 little-endian (0x34325241), 64.000000x64.000000+0.000000+0.000000 -> 64x64+556+100
   kworker/u20:0-91      [001] d....   580.432397: intel_plane_update_arm: dev 0000:00:02.0, pipe B, cursor B, frame=33098, scanline=488, format=AR24 little-endian (0x34325241), 64.000000x64.000000+0.000000+0.000000 -> 64x64+556+100
   kworker/u20:0-91      [000] d....   580.449252: intel_plane_update_arm: dev 0000:00:02.0, pipe B, cursor B, frame=33099, scanline=508, format=AR24 little-endian (0x34325241), 64.000000x64.000000+0.000000+0.000000 -> 64x64+556+100
   kworker/u20:0-91      [001] d....   580.465331: intel_plane_update_arm: dev 0000:00:02.0, pipe B, cursor B, frame=33100, scanline=466, format=AR24 little-endian (0x34325241), 64.000000x64.000000+0.000000+0.000000 -> 64x64+556+100
   kworker/u20:0-91      [001] d....   580.482195: intel_plane_update_arm: dev 0000:00:02.0, pipe B, cursor B, frame=33101, scanline=486, format=AR24 little-endian (0x34325241), 64.000000x64.000000+0.000000+0.000000 -> 64x64+556+100
   kworker/u20:0-91      [001] d....   580.499443: intel_plane_update_arm: dev 0000:00:02.0, pipe B, cursor B, frame=33102, scanline=536, format=AR24 little-endian (0x34325241), 64.000000x64.000000+0.000000+0.000000 -> 64x64+556+100
   kworker/u20:0-91      [001] d....   580.515824: intel_plane_update_arm: dev 0000:00:02.0, pipe B, cursor B, frame=33103, scanline=518, format=AR24 little-endian (0x34325241), 64.000000x64.000000+0.000000+0.000000 -> 64x64+556+100
   kworker/u20:0-91      [001] d....   580.532659: intel_plane_update_arm: dev 0000:00:02.0, pipe B, cursor B, frame=33104, scanline=536, format=AR24 little-endian (0x34325241), 64.000000x64.000000+0.000000+0.000000 -> 64x64+556+100
   kworker/u20:0-91      [001] d....   580.549613: intel_plane_update_arm: dev 0000:00:02.0, pipe B, cursor B, frame=33105, scanline=563, format=AR24 little-endian (0x34325241), 64.000000x64.000000+0.000000+0.000000 -> 64x64+556+100
   kworker/u20:0-91      [001] d....   580.565314: intel_plane_update_arm: dev 0000:00:02.0, pipe B, cursor B, frame=33106, scanline=492, format=AR24 little-endian (0x34325241), 64.000000x64.000000+0.000000+0.000000 -> 64x64+556+100
   kworker/u20:0-91      [001] d....   580.582424: intel_plane_update_arm: dev 0000:00:02.0, pipe B, cursor B, frame=33107, scanline=531, format=AR24 little-endian (0x34325241), 64.000000x64.000000+0.000000+0.000000 -> 64x64+556+100
   kworker/u20:0-91      [001] d....   580.599743: intel_plane_update_arm: dev 0000:00:02.0, pipe B, cursor B, frame=33108, scanline=587, format=AR24 little-endian (0x34325241), 64.000000x64.000000+0.000000+0.000000 -> 64x64+556+100
   kworker/u20:0-91      [001] d....   580.615681: intel_plane_update_arm: dev 0000:00:02.0, pipe B, cursor B, frame=33109, scanline=534, format=AR24 little-endian (0x34325241), 64.000000x64.000000+0.000000+0.000000 -> 64x64+556+100
   kworker/u20:0-91      [001] d....   580.632328: intel_plane_update_arm: dev 0000:00:02.0, pipe B, cursor B, frame=33110, scanline=537, format=AR24 little-endian (0x34325241), 64.000000x64.000000+0.000000+0.000000 -> 64x64+556+100
   kworker/u20:0-91      [001] d....   580.648772: intel_plane_update_arm: dev 0000:00:02.0, pipe B, cursor B, frame=33111, scanline=524, format=AR24 little-endian (0x34325241), 64.000000x64.000000+0.000000+0.000000 -> 64x64+556+100
   kworker/u20:0-91      [001] d....   580.665721: intel_plane_update_arm: dev 0000:00:02.0, pipe B, cursor B, frame=33112, scanline=551, format=AR24 little-endian (0x34325241), 64.000000x64.000000+0.000000+0.000000 -> 64x64+556+100
   kworker/u20:0-91      [001] d....   580.681826: intel_plane_update_arm: dev 0000:00:02.0, pipe B, cursor B, frame=33113, scanline=511, format=AR24 little-endian (0x34325241), 64.000000x64.000000+0.000000+0.000000 -> 64x64+556+100
   kworker/u20:0-91      [001] d....   580.698968: intel_plane_update_arm: dev 0000:00:02.0, pipe B, cursor B, frame=33114, scanline=553, format=AR24 little-endian (0x34325241), 64.000000x64.000000+0.000000+0.000000 -> 64x64+556+100
   kworker/u20:0-91      [001] d....   580.715295: intel_plane_update_arm: dev 0000:00:02.0, pipe B, cursor B, frame=33115, scanline=531, format=AR24 little-endian (0x34325241), 64.000000x64.000000+0.000000+0.000000 -> 64x64+556+100
   kworker/u20:0-91      [001] d....   580.731157: intel_plane_update_arm: dev 0000:00:02.0, pipe B, cursor B, frame=33116, scanline=472, format=AR24 little-endian (0x34325241), 64.000000x64.000000+0.000000+0.000000 -> 64x64+556+100
   kworker/u20:0-91      [001] d....   580.748565: intel_plane_update_arm: dev 0000:00:02.0, pipe B, cursor B, frame=33117, scanline=535, format=AR24 little-endian (0x34325241), 64.000000x64.000000+0.000000+0.000000 -> 64x64+556+100
   kworker/u20:0-91      [001] d....   580.765315: intel_plane_update_arm: dev 0000:00:02.0, pipe B, cursor B, frame=33118, scanline=546, format=AR24 little-endian (0x34325241), 64.000000x64.000000+0.000000+0.000000 -> 64x64+556+100
   kworker/u20:0-91      [001] d....   580.782087: intel_plane_update_arm: dev 0000:00:02.0, pipe B, cursor B, frame=33119, scanline=559, format=AR24 little-endian (0x34325241), 64.000000x64.000000+0.000000+0.000000 -> 64x64+556+100
   kworker/u20:0-91      [001] d....   580.798509: intel_plane_update_arm: dev 0000:00:02.0, pipe B, cursor B, frame=33120, scanline=544, format=AR24 little-endian (0x34325241), 64.000000x64.000000+0.000000+0.000000 -> 64x64+556+100
   kworker/u20:0-91      [001] d....   580.815106: intel_plane_update_arm: dev 0000:00:02.0, pipe B, cursor B, frame=33121, scanline=543, format=AR24 little-endian (0x34325241), 64.000000x64.000000+0.000000+0.000000 -> 64x64+556+100
   kworker/u20:0-91      [003] d....   580.831184: intel_plane_update_arm: dev 0000:00:02.0, pipe B, cursor B, frame=33122, scanline=501, format=AR24 little-endian (0x34325241), 64.000000x64.000000+0.000000+0.000000 -> 64x64+556+100
   kworker/u20:0-91      [001] d....   580.848465: intel_plane_update_arm: dev 0000:00:02.0, pipe B, cursor B, frame=33123, scanline=554, format=AR24 little-endian (0x34325241), 64.000000x64.000000+0.000000+0.000000 -> 64x64+556+100
   kworker/u20:0-91      [001] d....   580.863871: intel_plane_update_arm: dev 0000:00:02.0, pipe B, cursor B, frame=33124, scanline=459, format=AR24 little-endian (0x34325241), 64.000000x64.000000+0.000000+0.000000 -> 64x64+556+100
   kworker/u20:0-91      [001] d....   580.881111: intel_plane_update_arm: dev 0000:00:02.0, pipe B, cursor B, frame=33125, scanline=509, format=AR24 little-endian (0x34325241), 64.000000x64.000000+0.000000+0.000000 -> 64x64+556+100
   kworker/u20:0-91      [001] d....   580.898158: intel_plane_update_arm: dev 0000:00:02.0, pipe B, cursor B, frame=33126, scanline=544, format=AR24 little-endian (0x34325241), 64.000000x64.000000+0.000000+0.000000 -> 64x64+556+100
   kworker/u20:0-91      [001] d....   580.914823: intel_plane_update_arm: dev 0000:00:02.0, pipe B, cursor B, frame=33127, scanline=548, format=AR24 little-endian (0x34325241), 64.000000x64.000000+0.000000+0.000000 -> 64x64+556+100
   kworker/u20:0-91      [001] d....   580.932926: intel_plane_update_arm: dev 0000:00:02.0, pipe B, cursor B, frame=33128, scanline=666, format=AR24 little-endian (0x34325241), 64.000000x64.000000+0.000000+0.000000 -> 64x64+556+100
   kworker/u20:0-91      [001] d....   580.947774: intel_plane_update_arm: dev 0000:00:02.0, pipe B, cursor B, frame=33129, scanline=527, format=AR24 little-endian (0x34325241), 64.000000x64.000000+0.000000+0.000000 -> 64x64+556+100
   kworker/u20:0-91      [000] d....   580.964476: intel_plane_update_arm: dev 0000:00:02.0, pipe B, cursor B, frame=33130, scanline=534, format=AR24 little-endian (0x34325241), 64.000000x64.000000+0.000000+0.000000 -> 64x64+556+100
   kworker/u20:0-91      [000] d....   580.981004: intel_plane_update_arm: dev 0000:00:02.0, pipe B, cursor B, frame=33131, scanline=528, format=AR24 little-endian (0x34325241), 64.000000x64.000000+0.000000+0.000000 -> 64x64+556+100
   kworker/u20:0-91      [000] d....   580.997499: intel_plane_update_arm: dev 0000:00:02.0, pipe B, cursor B, frame=33132, scanline=519, format=AR24 little-endian (0x34325241), 64.000000x64.000000+0.000000+0.000000 -> 64x64+556+100
   kworker/u20:0-91      [000] d....   581.014656: intel_plane_update_arm: dev 0000:00:02.0, pipe B, cursor B, frame=33133, scanline=562, format=AR24 little-endian (0x34325241), 64.000000x64.000000+0.000000+0.000000 -> 64x64+556+100
   kworker/u20:0-91      [000] d....   581.030198: intel_plane_update_arm: dev 0000:00:02.0, pipe B, cursor B, frame=33134, scanline=478, format=AR24 little-endian (0x34325241), 64.000000x64.000000+0.000000+0.000000 -> 64x64+556+100
   kworker/u20:0-91      [000] d....   581.047093: intel_plane_update_arm: dev 0000:00:02.0, pipe B, cursor B, frame=33135, scanline=501, format=AR24 little-endian (0x34325241), 64.000000x64.000000+0.000000+0.000000 -> 64x64+556+100
   kworker/u20:0-91      [000] d....   581.063225: intel_plane_update_arm: dev 0000:00:02.0, pipe B, cursor B, frame=33136, scanline=463, format=AR24 little-endian (0x34325241), 64.000000x64.000000+0.000000+0.000000 -> 64x64+556+100
   kworker/u20:0-91      [000] d....   581.080782: intel_plane_update_arm: dev 0000:00:02.0, pipe B, cursor B, frame=33137, scanline=538, format=AR24 little-endian (0x34325241), 64.000000x64.000000+0.000000+0.000000 -> 64x64+556+100
   kworker/u20:0-91      [000] d....   581.097160: intel_plane_update_arm: dev 0000:00:02.0, pipe B, cursor B, frame=33138, scanline=519, format=AR24 little-endian (0x34325241), 64.000000x64.000000+0.000000+0.000000 -> 64x64+556+100
   kworker/u20:0-91      [000] d....   581.113638: intel_plane_update_arm: dev 0000:00:02.0, pipe B, cursor B, frame=33139, scanline=509, format=AR24 little-endian (0x34325241), 64.000000x64.000000+0.000000+0.000000 -> 64x64+556+100
   kworker/u20:0-91      [000] d....   581.130160: intel_plane_update_arm: dev 0000:00:02.0, pipe B, cursor B, frame=33140, scanline=502, format=AR24 little-endian (0x34325241), 64.000000x64.000000+0.000000+0.000000 -> 64x64+556+100
   kworker/u20:0-91      [000] d....   581.147196: intel_plane_update_arm: dev 0000:00:02.0, pipe B, cursor B, frame=33141, scanline=536, format=AR24 little-endian (0x34325241), 64.000000x64.000000+0.000000+0.000000 -> 64x64+556+100
   kworker/u20:0-91      [000] d....   581.163845: intel_plane_update_arm: dev 0000:00:02.0, pipe B, cursor B, frame=33142, scanline=539, format=AR24 little-endian (0x34325241), 64.000000x64.000000+0.000000+0.000000 -> 64x64+556+100
   kworker/u20:0-91      [000] d....   581.180143: intel_plane_update_arm: dev 0000:00:02.0, pipe B, cursor B, frame=33143, scanline=515, format=AR24 little-endian (0x34325241), 64.000000x64.000000+0.000000+0.000000 -> 64x64+556+100
   kworker/u20:0-91      [000] d....   581.196368: intel_plane_update_arm: dev 0000:00:02.0, pipe B, cursor B, frame=33144, scanline=484, format=AR24 little-endian (0x34325241), 64.000000x64.000000+0.000000+0.000000 -> 64x64+556+100
   kworker/u20:0-91      [000] d....   581.213121: intel_plane_update_arm: dev 0000:00:02.0, pipe B, cursor B, frame=33145, scanline=496, format=AR24 little-endian (0x34325241), 64.000000x64.000000+0.000000+0.000000 -> 64x64+556+100
   kworker/u20:0-91      [000] d....   581.230443: intel_plane_update_arm: dev 0000:00:02.0, pipe B, cursor B, frame=33146, scanline=552, format=AR24 little-endian (0x34325241), 64.000000x64.000000+0.000000+0.000000 -> 64x64+556+100
   kworker/u20:0-91      [000] d....   581.246250: intel_plane_update_arm: dev 0000:00:02.0, pipe B, cursor B, frame=33147, scanline=489, format=AR24 little-endian (0x34325241), 64.000000x64.000000+0.000000+0.000000 -> 64x64+556+100
   kworker/u20:0-91      [001] d....   581.262699: intel_plane_update_arm: dev 0000:00:02.0, pipe B, cursor B, frame=33148, scanline=476, format=AR24 little-endian (0x34325241), 64.000000x64.000000+0.000000+0.000000 -> 64x64+556+100
   kworker/u20:0-91      [001] d....   581.279704: intel_plane_update_arm: dev 0000:00:02.0, pipe B, cursor B, frame=33149, scanline=507, format=AR24 little-endian (0x34325241), 64.000000x64.000000+0.000000+0.000000 -> 64x64+556+100
   kworker/u20:0-91      [001] d....   581.296572: intel_plane_update_arm: dev 0000:00:02.0, pipe B, cursor B, frame=33150, scanline=528, format=AR24 little-endian (0x34325241), 64.000000x64.000000+0.000000+0.000000 -> 64x64+556+100
   kworker/u20:0-91      [001] d....   581.313679: intel_plane_update_arm: dev 0000:00:02.0, pipe B, cursor B, frame=33151, scanline=567, format=AR24 little-endian (0x34325241), 64.000000x64.000000+0.000000+0.000000 -> 64x64+556+100
   kworker/u20:0-91      [001] d....   581.328921: intel_plane_update_arm: dev 0000:00:02.0, pipe B, cursor B, frame=33152, scanline=459, format=AR24 little-endian (0x34325241), 64.000000x64.000000+0.000000+0.000000 -> 64x64+556+100
   kworker/u20:0-91      [000] d....   581.345194: intel_plane_update_arm: dev 0000:00:02.0, pipe B, cursor B, frame=33153, scanline=433, format=AR24 little-endian (0x34325241), 64.000000x64.000000+0.000000+0.000000 -> 64x64+556+100
   kworker/u20:0-91      [000] d....   581.362323: intel_plane_update_arm: dev 0000:00:02.0, pipe B, cursor B, frame=33154, scanline=474, format=AR24 little-endian (0x34325241), 64.000000x64.000000+0.000000+0.000000 -> 64x64+556+100
   kworker/u20:0-91      [000] d....   581.379441: intel_plane_update_arm: dev 0000:00:02.0, pipe B, cursor B, frame=33155, scanline=514, format=AR24 little-endian (0x34325241), 64.000000x64.000000+0.000000+0.000000 -> 64x64+556+100
   kworker/u20:0-91      [000] d....   581.394989: intel_plane_update_arm: dev 0000:00:02.0, pipe B, cursor B, frame=33156, scanline=430, format=AR24 little-endian (0x34325241), 64.000000x64.000000+0.000000+0.000000 -> 64x64+556+100
   kworker/u20:0-91      [000] d....   581.412024: intel_plane_update_arm: dev 0000:00:02.0, pipe B, cursor B, frame=33157, scanline=464, format=AR24 little-endian (0x34325241), 64.000000x64.000000+0.000000+0.000000 -> 64x64+556+100
   kworker/u20:0-91      [000] d....   581.429183: intel_plane_update_arm: dev 0000:00:02.0, pipe B, cursor B, frame=33158, scanline=507, format=AR24 little-endian (0x34325241), 64.000000x64.000000+0.000000+0.000000 -> 64x64+556+100
   kworker/u20:0-91      [000] d....   581.446373: intel_plane_update_arm: dev 0000:00:02.0, pipe B, cursor B, frame=33159, scanline=553, format=AR24 little-endian (0x34325241), 64.000000x64.000000+0.000000+0.000000 -> 64x64+556+100
   kworker/u20:0-91      [000] d....   581.462681: intel_plane_update_arm: dev 0000:00:02.0, pipe B, cursor B, frame=33160, scanline=529, format=AR24 little-endian (0x34325241), 64.000000x64.000000+0.000000+0.000000 -> 64x64+556+100
   kworker/u20:0-91      [000] d....   581.478919: intel_plane_update_arm: dev 0000:00:02.0, pipe B, cursor B, frame=33161, scanline=500, format=AR24 little-endian (0x34325241), 64.000000x64.000000+0.000000+0.000000 -> 64x64+556+100
   kworker/u20:0-91      [000] d....   581.495328: intel_plane_update_arm: dev 0000:00:02.0, pipe B, cursor B, frame=33162, scanline=484, format=AR24 little-endian (0x34325241), 64.000000x64.000000+0.000000+0.000000 -> 64x64+556+100
   kworker/u20:0-91      [001] d....   581.511815: intel_plane_update_arm: dev 0000:00:02.0, pipe B, cursor B, frame=33163, scanline=474, format=AR24 little-endian (0x34325241), 64.000000x64.000000+0.000000+0.000000 -> 64x64+556+100
   kworker/u20:0-91      [001] d....   581.529082: intel_plane_update_arm: dev 0000:00:02.0, pipe B, cursor B, frame=33164, scanline=526, format=AR24 little-endian (0x34325241), 64.000000x64.000000+0.000000+0.000000 -> 64x64+556+100
   kworker/u20:0-91      [001] d....   581.545814: intel_plane_update_arm: dev 0000:00:02.0, pipe B, cursor B, frame=33165, scanline=536, format=AR24 little-endian (0x34325241), 64.000000x64.000000+0.000000+0.000000 -> 64x64+556+100
   kworker/u20:0-91      [001] d....   581.562605: intel_plane_update_arm: dev 0000:00:02.0, pipe B, cursor B, frame=33166, scanline=550, format=AR24 little-endian (0x34325241), 64.000000x64.000000+0.000000+0.000000 -> 64x64+556+100
   kworker/u20:0-91      [000] d....   581.578110: intel_plane_update_arm: dev 0000:00:02.0, pipe B, cursor B, frame=33167, scanline=463, format=AR24 little-endian (0x34325241), 64.000000x64.000000+0.000000+0.000000 -> 64x64+556+100
   kworker/u20:0-91      [000] d....   581.595206: intel_plane_update_arm: dev 0000:00:02.0, pipe B, cursor B, frame=33168, scanline=501, format=AR24 little-endian (0x34325241), 64.000000x64.000000+0.000000+0.000000 -> 64x64+556+100
   kworker/u20:0-91      [000] d....   581.612166: intel_plane_update_arm: dev 0000:00:02.0, pipe B, cursor B, frame=33169, scanline=529, format=AR24 little-endian (0x34325241), 64.000000x64.000000+0.000000+0.000000 -> 64x64+556+100
   kworker/u20:0-91      [000] d....   581.627769: intel_plane_update_arm: dev 0000:00:02.0, pipe B, cursor B, frame=33170, scanline=450, format=AR24 little-endian (0x34325241), 64.000000x64.000000+0.000000+0.000000 -> 64x64+556+100
   kworker/u20:0-91      [000] d....   581.644399: intel_plane_update_arm: dev 0000:00:02.0, pipe B, cursor B, frame=33171, scanline=452, format=AR24 little-endian (0x34325241), 64.000000x64.000000+0.000000+0.000000 -> 64x64+556+100
   kworker/u20:0-91      [000] d....   581.662174: intel_plane_update_arm: dev 0000:00:02.0, pipe B, cursor B, frame=33172, scanline=543, format=AR24 little-endian (0x34325241), 64.000000x64.000000+0.000000+0.000000 -> 64x64+556+100
   kworker/u20:0-91      [000] d....   581.678239: intel_plane_update_arm: dev 0000:00:02.0, pipe B, cursor B, frame=33173, scanline=500, format=AR24 little-endian (0x34325241), 64.000000x64.000000+0.000000+0.000000 -> 64x64+556+100
   kworker/u20:0-91      [000] d....   581.695177: intel_plane_update_arm: dev 0000:00:02.0, pipe B, cursor B, frame=33174, scanline=526, format=AR24 little-endian (0x34325241), 64.000000x64.000000+0.000000+0.000000 -> 64x64+556+100
   kworker/u20:0-91      [000] d....   581.711808: intel_plane_update_arm: dev 0000:00:02.0, pipe B, cursor B, frame=33175, scanline=528, format=AR24 little-endian (0x34325241), 64.000000x64.000000+0.000000+0.000000 -> 64x64+556+100
   kworker/u20:0-91      [000] d....   581.728539: intel_plane_update_arm: dev 0000:00:02.0, pipe B, cursor B, frame=33176, scanline=538, format=AR24 little-endian (0x34325241), 64.000000x64.000000+0.000000+0.000000 -> 64x64+556+100
   kworker/u20:0-91      [001] d....   581.745067: intel_plane_update_arm: dev 0000:00:02.0, pipe B, cursor B, frame=33177, scanline=531, format=AR24 little-endian (0x34325241), 64.000000x64.000000+0.000000+0.000000 -> 64x64+556+100
   kworker/u20:0-91      [001] d....   581.761829: intel_plane_update_arm: dev 0000:00:02.0, pipe B, cursor B, frame=33178, scanline=543, format=AR24 little-endian (0x34325241), 64.000000x64.000000+0.000000+0.000000 -> 64x64+556+100
   kworker/u20:0-91      [001] d....   581.778285: intel_plane_update_arm: dev 0000:00:02.0, pipe B, cursor B, frame=33179, scanline=531, format=AR24 little-endian (0x34325241), 64.000000x64.000000+0.000000+0.000000 -> 64x64+556+100
   kworker/u20:0-91      [001] d....   581.794021: intel_plane_update_arm: dev 0000:00:02.0, pipe B, cursor B, frame=33180, scanline=462, format=AR24 little-endian (0x34325241), 64.000000x64.000000+0.000000+0.000000 -> 64x64+556+100
   kworker/u20:0-91      [001] d....   581.811257: intel_plane_disable_arm: dev 0000:00:02.0, pipe B, cursor B, frame=33181, scanline=512
   kworker/u20:0-91      [001] .....   581.821561: vlv_wm: dev 0000:00:02.0, pipe A, frame=0, scanline=0, level=2, cxsr=1, wm 256/128/127/63, sr 1400/63
   kworker/u20:0-91      [001] .....   581.821567: vlv_wm: dev 0000:00:02.0, pipe B, frame=33182, scanline=16, level=2, cxsr=1, wm 376/0/0/63, sr 1400/63
   kworker/u20:0-91      [001] .....   581.821570: vlv_wm: dev 0000:00:02.0, pipe C, frame=0, scanline=0, level=2, cxsr=1, wm 256/128/127/63, sr 1400/63
17:02:38 counts/60s intel_plane_disable_arm=1 intel_plane_update_arm=178 vlv_wm=6
17:03:38 counts/60s none
   kworker/u20:0-91      [000] .....   700.568652: vlv_wm: dev 0000:00:02.0, pipe A, frame=0, scanline=0, level=2, cxsr=1, wm 256/128/127/63, sr 1400/0
   kworker/u20:0-91      [000] .....   700.568658: vlv_wm: dev 0000:00:02.0, pipe B, frame=40330, scanline=564, level=2, cxsr=1, wm 376/0/0/0, sr 1400/0
   kworker/u20:0-91      [000] .....   700.568660: vlv_wm: dev 0000:00:02.0, pipe C, frame=0, scanline=0, level=2, cxsr=1, wm 256/128/127/63, sr 1400/0
   kworker/u20:0-91      [000] d....   700.568695: intel_plane_update_arm: dev 0000:00:02.0, pipe B, cursor B, frame=40330, scanline=566, format=AR24 little-endian (0x34325241), 64.000000x64.000000+0.000000+0.000000 -> 64x64+557+97
   kworker/u20:0-91      [001] d....   700.585092: intel_plane_update_arm: dev 0000:00:02.0, pipe B, cursor B, frame=40331, scanline=550, format=AR24 little-endian (0x34325241), 64.000000x64.000000+0.000000+0.000000 -> 64x64+557+97
   kworker/u20:0-91      [001] d....   700.601194: intel_plane_disable_arm: dev 0000:00:02.0, pipe B, cursor B, frame=40332, scanline=510
   kworker/u20:0-91      [001] .....   700.611607: vlv_wm: dev 0000:00:02.0, pipe A, frame=0, scanline=0, level=2, cxsr=1, wm 256/128/127/63, sr 1400/63
   kworker/u20:0-91      [001] .....   700.611629: vlv_wm: dev 0000:00:02.0, pipe B, frame=40333, scanline=24, level=2, cxsr=1, wm 376/0/0/63, sr 1400/63
   kworker/u20:0-91      [001] .....   700.611635: vlv_wm: dev 0000:00:02.0, pipe C, frame=0, scanline=0, level=2, cxsr=1, wm 256/128/127/63, sr 1400/63
17:04:38 counts/60s intel_plane_disable_arm=1 intel_plane_update_arm=2 vlv_wm=6
17:05:38 counts/60s none
