19:14:09 start
19:14:09 INTR_STAT 40200000
19:14:11 16.5615 latch=0
19:14:14 16.5726 latch=0
19:14:16 16.5813 latch=0
19:14:18 16.5880 latch=0
19:14:20 16.5930 latch=0
19:14:22 16.5967 latch=0
19:14:24 16.5997 latch=0
19:14:26 16.6020 latch=0
19:14:28 16.6036 latch=0
19:14:30 16.6050 latch=0
19:14:32 16.6060 latch=0
19:14:34 16.6073 latch=0
19:14:36 16.6079 latch=0
19:14:38 16.6080 latch=0
19:14:40 16.6083 latch=0
19:14:42 16.6082 latch=0
19:14:44 16.6083 latch=0
19:14:46 16.6085 latch=0
19:14:48 16.6085 latch=0
19:14:50 16.6086 latch=0
19:14:52 16.6087 latch=0
19:14:54 16.6086 latch=0
19:14:56 16.6087 latch=0
19:14:58 16.6088 latch=0
19:15:00 16.6088 latch=0
19:15:02 16.6088 latch=0
19:15:04 16.6089 latch=0
19:15:06 16.6089 latch=0
19:15:08 16.6089 latch=0
19:15:10 16.6090 latch=0
19:15:12 16.6090 latch=0
19:15:14 16.6089 latch=0
19:15:16 16.6089 latch=0
19:15:18 16.6090 latch=0
19:15:20 16.6089 latch=0
19:15:22 16.6091 latch=0
19:15:24 16.6090 latch=0
19:15:26 16.6090 latch=0
19:15:28 16.6091 latch=0
19:15:30 16.6090 latch=0
19:15:32 16.6089 latch=0
19:15:34 16.6091 latch=0
19:15:36 16.6090 latch=0
19:15:38 16.6092 latch=0
19:15:40 16.6096 latch=0
19:15:42 16.6096 latch=0
19:15:44 16.6097 latch=0
19:15:46 16.6095 latch=0
19:15:48 16.6096 latch=0
19:15:50 16.6095 latch=0
19:15:52 16.6095 latch=0
19:15:54 16.6095 latch=0
19:15:56 16.6095 latch=0
19:15:58 16.6094 latch=0
19:16:00 16.6094 latch=0
19:16:02 16.6094 latch=0
19:16:04 16.6094 latch=0
19:16:06 16.6094 latch=0
19:16:08 16.6093 latch=0
19:16:10 16.6094 latch=0
19:16:12 16.6093 latch=0
19:16:14 16.6093 latch=0
19:16:16 16.6093 latch=0
19:16:18 16.6093 latch=0
19:16:20 16.6093 latch=0
19:16:22 16.7479 latch=0
19:16:24 16.6094 latch=0
19:16:26 16.6092 latch=0
19:16:28 16.6092 latch=0
19:16:30 16.6093 latch=0
19:16:32 16.6092 latch=0
19:16:34 16.6092 latch=0
19:16:36 16.6093 latch=0
19:16:38 16.6092 latch=0
19:16:40 16.6092 latch=0
19:16:42 16.6092 latch=0
19:16:44 16.6092 latch=0
19:16:46 16.6092 latch=0
19:16:48 16.6091 latch=0
19:16:50 16.6092 latch=0
19:16:52 16.6092 latch=0
19:16:54 16.6091 latch=0
19:16:56 16.6092 latch=0
19:16:58 16.6092 latch=0
19:17:00 16.6091 latch=0
19:17:02 16.6092 latch=0
19:17:04 16.6092 latch=0
19:17:06 16.6091 latch=0
19:17:08 16.6092 latch=0
19:17:10 16.6092 latch=0
19:17:12 16.6092 latch=0
19:17:14 16.6092 latch=0
19:17:16 16.6091 latch=0
19:17:18 16.6092 latch=0
19:17:20 16.6083 latch=0
19:17:22 16.6100 latch=0
19:17:24 16.6092 latch=0
19:17:26 16.6092 latch=0
19:17:28 16.6091 latch=0
19:17:30 16.6091 latch=0
19:17:32 16.6091 latch=0
19:17:34 16.6092 latch=0
19:17:36 16.6091 latch=0
19:17:38 16.6092 latch=0
19:17:40 16.6092 latch=0
19:17:42 16.6091 latch=0
19:17:44 16.6091 latch=0
19:17:46 16.6092 latch=0
19:17:46 INTR_STAT 40200000 -> 40300000 (new bits 00100000)
19:17:47 INTR_STAT 40300000 -> 40200000 (new bits 00000000)
19:17:48 16.7477 latch=0
19:17:50 16.6091 latch=0
19:17:52 16.6091 latch=0
19:17:54 16.6091 latch=0
19:17:56 16.6090 latch=0
19:17:58 16.6092 latch=0
19:18:00 16.6091 latch=0
19:18:02 16.6090 latch=0
19:18:04 16.6091 latch=0
19:18:06 16.6091 latch=0
19:18:08 16.6092 latch=0
19:18:10 16.6090 latch=0
19:18:12 16.6092 latch=0
19:18:14 16.6091 latch=0
19:18:16 16.6091 latch=0
19:18:18 16.6090 latch=0
19:18:20 16.6092 latch=0
19:18:22 16.6091 latch=0
19:18:24 16.6090 latch=0
19:18:26 16.6091 latch=0
19:18:28 16.6092 latch=0
19:18:30 16.6090 latch=0
19:18:32 16.6092 latch=0
19:18:34 16.6091 latch=0
19:18:36 16.6091 latch=0
19:18:38 16.6091 latch=0
19:18:40 16.6091 latch=0
19:18:42 16.6090 latch=0
19:18:44 16.6091 latch=0
19:18:46 16.6092 latch=0
19:18:48 16.6090 latch=0
19:18:50 16.6091 latch=0
19:18:52 16.6092 latch=0
19:18:54 16.6091 latch=0
19:18:56 16.6091 latch=0
19:18:58 16.6091 latch=0
19:19:00 16.6091 latch=0
19:19:02 16.6091 latch=0
19:19:04 16.6090 latch=0
19:19:06 16.6092 latch=0
19:19:08 16.6091 latch=0
19:19:10 16.6091 latch=0
19:19:12 16.6091 latch=0
19:19:14 16.6091 latch=0
19:19:16 16.6091 latch=0
19:19:19 16.6092 latch=0
19:19:21 16.6091 latch=0
19:19:23 16.6091 latch=0
19:19:25 16.6091 latch=0
19:19:27 16.6091 latch=0
19:19:29 16.6091 latch=0
19:19:31 16.6092 latch=0
19:19:33 16.6091 latch=0
19:19:35 16.6091 latch=0
19:19:37 16.6091 latch=0
19:19:39 16.6091 latch=0
19:19:41 16.6092 latch=0
19:19:43 16.6091 latch=0
19:19:45 16.6091 latch=0
19:19:47 16.6091 latch=0
19:19:49 16.6092 latch=0
19:19:51 16.6090 latch=0
19:19:53 16.6091 latch=0
19:19:55 16.6092 latch=0
19:19:57 16.6091 latch=0
19:19:59 16.6091 latch=0
19:20:01 16.6091 latch=0
19:20:03 16.6092 latch=0
19:20:05 16.6091 latch=0
19:20:07 16.6092 latch=0
19:20:09 16.6091 latch=0
19:20:11 16.6091 latch=0
19:20:13 16.6091 latch=0
19:20:15 16.6092 latch=0
19:20:17 16.6091 latch=0
19:20:19 16.6091 latch=0
19:20:21 16.6090 latch=0
19:20:23 16.6092 latch=0
19:20:25 16.6091 latch=0
19:20:27 16.6091 latch=0
19:20:29 16.6091 latch=0
19:20:31 16.6092 latch=0
19:20:33 16.6091 latch=0
19:20:35 16.6091 latch=0
19:20:37 16.6091 latch=0
19:20:39 16.6092 latch=0
19:20:41 16.6091 latch=0
19:20:43 16.7477 latch=0
19:20:45 16.6091 latch=0
19:20:47 16.6092 latch=0
19:20:49 16.6091 latch=0
19:20:51 16.6091 latch=0
19:20:53 16.6091 latch=0
19:20:55 16.6091 latch=0
19:20:57 16.6091 latch=0
19:20:59 16.6091 latch=0
19:21:01 16.6091 latch=0
19:21:03 16.6092 latch=0
19:21:05 16.6091 latch=0
19:21:07 16.6091 latch=0
19:21:09 16.6090 latch=0
19:21:11 16.6091 latch=0
19:21:13 16.6092 latch=0
19:21:15 16.6091 latch=0
19:21:17 16.6092 latch=0
19:21:19 16.6091 latch=0
19:21:21 16.6091 latch=0
19:21:23 16.6091 latch=0
19:21:25 16.6091 latch=0
19:21:27 16.6092 latch=0
19:21:29 16.6091 latch=0
19:21:31 16.6090 latch=0
19:21:33 16.6092 latch=0
19:21:35 16.6091 latch=0
19:21:37 16.6091 latch=0
19:21:39 16.6091 latch=0
19:21:41 16.6091 latch=0
19:21:43 16.6091 latch=0
19:21:45 16.6092 latch=0
19:21:47 16.6091 latch=0
19:21:49 16.6091 latch=0
19:21:51 16.6091 latch=0
19:21:53 16.6092 latch=0
19:21:55 16.6091 latch=0
19:21:57 16.6091 latch=0
19:21:59 16.6091 latch=0
19:22:01 16.6091 latch=0
19:22:03 16.6092 latch=0
19:22:05 16.6091 latch=0
19:22:07 16.6076 latch=0
19:22:09 16.6107 latch=0
19:22:11 16.6091 latch=0
19:22:13 16.6091 latch=0
19:22:15 16.6091 latch=0
19:22:17 16.6091 latch=0
19:22:19 16.6092 latch=0
19:22:21 16.6090 latch=0
19:22:23 16.6092 latch=0
19:22:25 16.6092 latch=0
19:22:27 16.6091 latch=0
19:22:29 16.6091 latch=0
19:22:31 16.6091 latch=0
19:22:33 16.6091 latch=0
19:22:35 16.6091 latch=0
19:22:37 16.6091 latch=0
19:22:39 16.7479 latch=0
19:22:41 16.6092 latch=0
19:22:43 16.6091 latch=0
19:22:45 16.6091 latch=0
19:22:47 16.6092 latch=0
19:22:49 16.6091 latch=0
19:22:51 16.6092 latch=0
19:22:53 16.6091 latch=0
19:22:55 16.6091 latch=0
19:22:57 16.6092 latch=0
19:22:59 16.6091 latch=0
19:23:01 16.6091 latch=0
19:23:03 16.6091 latch=0
19:23:05 16.6091 latch=0
19:23:07 16.6092 latch=0
19:23:09 16.6092 latch=0
19:23:11 16.6091 latch=0
19:23:13 16.6091 latch=0
19:23:15 16.6091 latch=0
19:23:17 16.6091 latch=0
19:23:19 16.7480 latch=0
19:23:21 16.6092 latch=0
19:23:23 16.6091 latch=0
19:23:25 16.6091 latch=0
19:23:27 16.6092 latch=0
19:23:29 16.6091 latch=0
19:23:31 16.6091 latch=0
19:23:33 16.6092 latch=0
19:23:35 16.6092 latch=0
19:23:37 16.6091 latch=0
19:23:39 16.6092 latch=0
19:23:41 16.6084 latch=0
19:23:43 16.6099 latch=0
19:23:45 16.7478 latch=0
19:23:47 16.6092 latch=0
19:23:49 16.6091 latch=0
19:23:51 16.6091 latch=0
19:23:53 16.6091 latch=0
19:23:55 16.6091 latch=0
19:23:57 16.6091 latch=0
19:23:59 16.6092 latch=0
19:24:01 16.6091 latch=0
19:24:03 16.6092 latch=0
19:24:05 16.6091 latch=0
19:24:07 16.6091 latch=0
19:24:09 16.6091 latch=0
19:24:11 16.6092 latch=0
19:24:13 16.6091 latch=0
19:24:15 16.6090 latch=0
19:24:17 16.6092 latch=0
19:24:19 16.6091 latch=0
19:24:21 16.6091 latch=0
19:24:23 16.6092 latch=0
19:24:25 16.6091 latch=0
19:24:27 16.6091 latch=0
19:24:29 16.6092 latch=0
19:24:31 16.6091 latch=0
19:24:33 16.6091 latch=0
19:24:35 16.6091 latch=0
19:24:37 16.6092 latch=0
19:24:39 16.6092 latch=0
19:24:42 16.6091 latch=0
19:24:44 16.6091 latch=0
19:24:46 16.6091 latch=0
19:24:48 16.6092 latch=0
19:24:50 16.6091 latch=0
19:24:52 16.6091 latch=0
19:24:54 16.6091 latch=0
19:24:56 16.6092 latch=0
19:24:58 16.6090 latch=0
19:25:00 16.6092 latch=0
19:25:02 16.6091 latch=0
19:25:04 16.6091 latch=0
19:25:06 16.6091 latch=0
19:25:08 16.6091 latch=0
19:25:10 16.6091 latch=0
19:25:12 16.6092 latch=0
19:25:14 16.6091 latch=0
19:25:16 16.6091 latch=0
19:25:18 16.6092 latch=0
19:25:20 16.6091 latch=0
19:25:22 16.6092 latch=0
19:25:24 16.6092 latch=0
19:25:26 16.7477 latch=0
19:25:28 16.6091 latch=0
19:25:30 16.6092 latch=0
19:25:32 16.6091 latch=0
19:25:34 16.6091 latch=0
19:25:36 16.6091 latch=0
19:25:38 16.6091 latch=0
19:25:40 16.6091 latch=0
19:25:42 16.6091 latch=0
19:25:44 16.6091 latch=0
19:25:46 16.6091 latch=0
19:25:48 16.6091 latch=0
19:25:50 16.6091 latch=0
19:25:52 16.6091 latch=0
19:25:54 16.6092 latch=0
19:25:56 16.6092 latch=0
19:25:58 16.6091 latch=0
19:26:00 16.6092 latch=0
19:26:02 16.6091 latch=0
19:26:04 16.6092 latch=0
19:26:06 16.6091 latch=0
19:26:08 16.6091 latch=0
19:26:10 16.6092 latch=0
19:26:12 16.6092 latch=0
19:26:14 16.6091 latch=0
19:26:16 16.6092 latch=0
19:26:18 16.6091 latch=0
19:26:20 16.6092 latch=0
19:26:22 16.6091 latch=0
19:26:24 16.6091 latch=0
19:26:26 16.6091 latch=0
19:26:28 16.6091 latch=0
19:26:30 16.6091 latch=0
19:26:32 16.6092 latch=0
19:26:34 16.6090 latch=0
19:26:36 16.6091 latch=0
19:26:38 16.6092 latch=0
19:26:40 16.6091 latch=0
19:26:42 16.6092 latch=0
19:26:44 16.6092 latch=0
19:26:46 16.6091 latch=0
19:26:48 16.6091 latch=0
19:26:50 16.6091 latch=0
19:26:52 16.6090 latch=0
19:26:54 16.6092 latch=0
19:26:56 16.6091 latch=0
19:26:58 16.6092 latch=0
19:27:00 16.6091 latch=0
19:27:02 16.6092 latch=0
19:27:04 16.6091 latch=0
19:27:06 16.6091 latch=0
19:27:08 16.6091 latch=0
19:27:10 16.6091 latch=0
19:27:12 16.6092 latch=0
19:27:12 stop
